
Yashwanth Lal@LAPTOP-FNOHR0ST MINGW64 ~/Desktop/git-katas-master/basic-commits
$ source setup.sh
Initialized empty Git repository in C:/Users/Yashwanth Lal/Desktop/git-katas-master/basic-commits/exercise/.git/

Yashwanth Lal@LAPTOP-FNOHR0ST MINGW64 ~/Desktop/git-katas-master/basic-commits/exercise (master)
$ git status
On branch master

No commits yet

nothing to commit (create/copy files and use "git add" to track)

Yashwanth Lal@LAPTOP-FNOHR0ST MINGW64 ~/Desktop/git-katas-master/basic-commits/exercise (master)
$ git log
fatal: your current branch 'master' does not have any commits yet

Yashwanth Lal@LAPTOP-FNOHR0ST MINGW64 ~/Desktop/git-katas-master/basic-commits/exercise (master)
$ touch sample-file.txt

Yashwanth Lal@LAPTOP-FNOHR0ST MINGW64 ~/Desktop/git-katas-master/basic-commits/exercise (master)
$ git status
On branch master

No commits yet

Untracked files:
  (use "git add <file>..." to include in what will be committed)
        sample-file.txt

nothing added to commit but untracked files present (use "git add" to track)

Yashwanth Lal@LAPTOP-FNOHR0ST MINGW64 ~/Desktop/git-katas-master/basic-commits/exercise (master)
$ git add sample-file.txt

Yashwanth Lal@LAPTOP-FNOHR0ST MINGW64 ~/Desktop/git-katas-master/basic-commits/exercise (master)
$ git status
On branch master

No commits yet

Changes to be committed:
  (use "git rm --cached <file>..." to unstage)
        new file:   sample-file.txt


Yashwanth Lal@LAPTOP-FNOHR0ST MINGW64 ~/Desktop/git-katas-master/basic-commits/exercise (master)
$ git commit -m "new file created"
[master (root-commit) 6f0ae1c] new file created
 1 file changed, 0 insertions(+), 0 deletions(-)
 create mode 100644 sample-file.txt

Yashwanth Lal@LAPTOP-FNOHR0ST MINGW64 ~/Desktop/git-katas-master/basic-commits/exercise (master)
$ git status
On branch master
nothing to commit, working tree clean

Yashwanth Lal@LAPTOP-FNOHR0ST MINGW64 ~/Desktop/git-katas-master/basic-commits/exercise (master)
$ echo new content > sample-file.txt

Yashwanth Lal@LAPTOP-FNOHR0ST MINGW64 ~/Desktop/git-katas-master/basic-commits/exercise (master)
$ git status
On branch master
Changes not staged for commit:
  (use "git add <file>..." to update what will be committed)
  (use "git restore <file>..." to discard changes in working directory)
        modified:   sample-file.txt

no changes added to commit (use "git add" and/or "git commit -a")

Yashwanth Lal@LAPTOP-FNOHR0ST MINGW64 ~/Desktop/git-katas-master/basic-commits/exercise (master)
$ git add sample-file.txt
warning: LF will be replaced by CRLF in sample-file.txt.
The file will have its original line endings in your working directory

Yashwanth Lal@LAPTOP-FNOHR0ST MINGW64 ~/Desktop/git-katas-master/basic-commits/exercise (master)
$ git status
On branch master
Changes to be committed:
  (use "git restore --staged <file>..." to unstage)
        modified:   sample-file.txt

g
Yashwanth Lal@LAPTOP-FNOHR0ST MINGW64 ~/Desktop/git-katas-master/basic-commits/exercise (master)
$ echo second time content change > sample-file.txt

Yashwanth Lal@LAPTOP-FNOHR0ST MINGW64 ~/Desktop/git-katas-master/basic-commits/exercise (master)
$ git commit -m "now commiting after changing the content"
[master 0188e8f] now commiting after changing the content
 1 file changed, 1 insertion(+)

Yashwanth Lal@LAPTOP-FNOHR0ST MINGW64 ~/Desktop/git-katas-master/basic-commits/exercise (master)
$ git status
On branch master
Changes not staged for commit:
  (use "git add <file>..." to update what will be committed)
  (use "git restore <file>..." to discard changes in working directory)
        modified:   sample-file.txt

no changes added to commit (use "git add" and/or "git commit -a")

Yashwanth Lal@LAPTOP-FNOHR0ST MINGW64 ~/Desktop/git-katas-master/basic-commits/exercise (master)
$ git log
commit 0188e8fd826d9743d125f1bf8d3255fadf820f04 (HEAD -> master)
Author: yashwanth lal <yashwanth.lal@zemosolabs.com>
Date:   Thu Mar 3 11:14:57 2022 +0530

    now commiting after changing the content

commit 6f0ae1cd727d521cc9bee0f31c5b11d8ec8b234f
Author: yashwanth lal <yashwanth.lal@zemosolabs.com>
Date:   Thu Mar 3 11:10:20 2022 +0530

    new file created

Yashwanth Lal@LAPTOP-FNOHR0ST MINGW64 ~/Desktop/git-katas-master/basic-commits/exercise (master)
$ cat


Yashwanth Lal@LAPTOP-FNOHR0ST MINGW64 ~/Desktop/git-katas-master/basic-commits/exercise (master)
$ git add sample-file.txt
warning: LF will be replaced by CRLF in sample-file.txt.
The file will have its original line endings in your working directory
g
Yashwanth Lal@LAPTOP-FNOHR0ST MINGW64 ~/Desktop/git-katas-master/basic-commits/exercise (master)
$ git commit -m "last commit"
[master d634092] last commit
 1 file changed, 1 insertion(+), 1 deletion(-)

Yashwanth Lal@LAPTOP-FNOHR0ST MINGW64 ~/Desktop/git-katas-master/basic-commits/exercise (master)
$ git log
commit d634092511394de573e32f0aa50d48e957f36e29 (HEAD -> master)
Author: yashwanth lal <yashwanth.lal@zemosolabs.com>
Date:   Thu Mar 3 11:16:12 2022 +0530

    last commit

commit 0188e8fd826d9743d125f1bf8d3255fadf820f04
Author: yashwanth lal <yashwanth.lal@zemosolabs.com>
Date:   Thu Mar 3 11:14:57 2022 +0530

    now commiting after changing the content

commit 6f0ae1cd727d521cc9bee0f31c5b11d8ec8b234f
Author: yashwanth lal <yashwanth.lal@zemosolabs.com>
Date:   Thu Mar 3 11:10:20 2022 +0530

    new file created

Yashwanth Lal@LAPTOP-FNOHR0ST MINGW64 ~/Desktop/git-katas-master/basic-commits/exercise (master)
$
